Archive member included because of file (symbol)

c:/winavr-20100110/bin/../lib/gcc/avr/4.3.3/avr5\libgcc.a(_udivmodqi4.o)
                              Button.o (__udivmodqi4)
c:/winavr-20100110/bin/../lib/gcc/avr/4.3.3/avr5\libgcc.a(_udivmodhi4.o)
                              init.o (__udivmodhi4)
c:/winavr-20100110/bin/../lib/gcc/avr/4.3.3/avr5\libgcc.a(_divmodhi4.o)
                              dodge.o (__divmodhi4)
c:/winavr-20100110/bin/../lib/gcc/avr/4.3.3/avr5\libgcc.a(_exit.o)
                              c:/winavr-20100110/bin/../lib/gcc/avr/4.3.3/../../../../avr/lib/avr5/crtm16.o (exit)
c:/winavr-20100110/bin/../lib/gcc/avr/4.3.3/avr5\libgcc.a(_copy_data.o)
                              main.o (__do_copy_data)
c:/winavr-20100110/bin/../lib/gcc/avr/4.3.3/avr5\libgcc.a(_clear_bss.o)
                              main.o (__do_clear_bss)
c:/winavr-20100110/bin/../lib/gcc/avr/4.3.3/../../../../avr/lib/avr5\libc.a(rand.o)
                              galug.o (rand)
c:/winavr-20100110/bin/../lib/gcc/avr/4.3.3/../../../../avr/lib/avr5\libc.a(eerd_byte_atmega16.o)
                              Score.o (__eerd_byte_m16)
c:/winavr-20100110/bin/../lib/gcc/avr/4.3.3/../../../../avr/lib/avr5\libc.a(eerd_word_atmega16.o)
                              Score.o (__eerd_word_m16)
c:/winavr-20100110/bin/../lib/gcc/avr/4.3.3/../../../../avr/lib/avr5\libc.a(eeupd_byte_atmega16.o)
                              Score.o (__eeupd_byte_m16)
c:/winavr-20100110/bin/../lib/gcc/avr/4.3.3/../../../../avr/lib/avr5\libc.a(eeupd_word_atmega16.o)
                              Score.o (__eeupd_word_m16)
c:/winavr-20100110/bin/../lib/gcc/avr/4.3.3/../../../../avr/lib/avr5\libc.a(eerd_block_atmega16.o)
                              c:/winavr-20100110/bin/../lib/gcc/avr/4.3.3/../../../../avr/lib/avr5\libc.a(eerd_word_atmega16.o) (__eerd_blraw_m16)
c:/winavr-20100110/bin/../lib/gcc/avr/4.3.3/avr5\libgcc.a(_mulsi3.o)
                              c:/winavr-20100110/bin/../lib/gcc/avr/4.3.3/../../../../avr/lib/avr5\libc.a(rand.o) (__mulsi3)
c:/winavr-20100110/bin/../lib/gcc/avr/4.3.3/avr5\libgcc.a(_divmodsi4.o)
                              c:/winavr-20100110/bin/../lib/gcc/avr/4.3.3/../../../../avr/lib/avr5\libc.a(rand.o) (__divmodsi4)
c:/winavr-20100110/bin/../lib/gcc/avr/4.3.3/avr5\libgcc.a(_prologue.o)
                              c:/winavr-20100110/bin/../lib/gcc/avr/4.3.3/../../../../avr/lib/avr5\libc.a(rand.o) (__prologue_saves__)
c:/winavr-20100110/bin/../lib/gcc/avr/4.3.3/avr5\libgcc.a(_epilogue.o)
                              c:/winavr-20100110/bin/../lib/gcc/avr/4.3.3/../../../../avr/lib/avr5\libc.a(rand.o) (__epilogue_restores__)
c:/winavr-20100110/bin/../lib/gcc/avr/4.3.3/avr5\libgcc.a(_udivmodsi4.o)
                              c:/winavr-20100110/bin/../lib/gcc/avr/4.3.3/avr5\libgcc.a(_divmodsi4.o) (__udivmodsi4)

Allocating common symbols
Common symbol       size              file

rank_flag           0x1               Score.o
game_flag           0x1               main.o
player_y            0x1               main.o
score_alpha         0x1               Score.o
bullet_num          0x2               galug.o
bullet_flag         0x1               galug.o
Round_check         0x2               main.o
alpha_flag          0x3               Score.o
check               0x2               main.o
skill_flag          0x1               main.o
enemys              0x1a4             galug.o
player_x            0x1               main.o
change_flag         0x1               Score.o
wall                0x1               dodge.o

Memory Configuration

Name             Origin             Length             Attributes
text             0x00000000         0x00020000         xr
data             0x00800060         0x0000ffa0         rw !x
eeprom           0x00810000         0x00010000         rw !x
fuse             0x00820000         0x00000400         rw !x
lock             0x00830000         0x00000400         rw !x
signature        0x00840000         0x00000400         rw !x
*default*        0x00000000         0xffffffff

Linker script and memory map

LOAD c:/winavr-20100110/bin/../lib/gcc/avr/4.3.3/../../../../avr/lib/avr5/crtm16.o
LOAD main.o
LOAD Button.o
LOAD init.o
LOAD galug.o
LOAD dodge.o
LOAD Score.o
LOAD c:/winavr-20100110/bin/../lib/gcc/avr/4.3.3/avr5\libgcc.a
LOAD c:/winavr-20100110/bin/../lib/gcc/avr/4.3.3/../../../../avr/lib/avr5\libc.a
LOAD c:/winavr-20100110/bin/../lib/gcc/avr/4.3.3/avr5\libgcc.a

.hash
 *(.hash)

.dynsym
 *(.dynsym)

.dynstr
 *(.dynstr)

.gnu.version
 *(.gnu.version)

.gnu.version_d
 *(.gnu.version_d)

.gnu.version_r
 *(.gnu.version_r)

.rel.init
 *(.rel.init)

.rela.init
 *(.rela.init)

.rel.text
 *(.rel.text)
 *(.rel.text.*)
 *(.rel.gnu.linkonce.t*)

.rela.text
 *(.rela.text)
 *(.rela.text.*)
 *(.rela.gnu.linkonce.t*)

.rel.fini
 *(.rel.fini)

.rela.fini
 *(.rela.fini)

.rel.rodata
 *(.rel.rodata)
 *(.rel.rodata.*)
 *(.rel.gnu.linkonce.r*)

.rela.rodata
 *(.rela.rodata)
 *(.rela.rodata.*)
 *(.rela.gnu.linkonce.r*)

.rel.data
 *(.rel.data)
 *(.rel.data.*)
 *(.rel.gnu.linkonce.d*)

.rela.data
 *(.rela.data)
 *(.rela.data.*)
 *(.rela.gnu.linkonce.d*)

.rel.ctors
 *(.rel.ctors)

.rela.ctors
 *(.rela.ctors)

.rel.dtors
 *(.rel.dtors)

.rela.dtors
 *(.rela.dtors)

.rel.got
 *(.rel.got)

.rela.got
 *(.rela.got)

.rel.bss
 *(.rel.bss)

.rela.bss
 *(.rela.bss)

.rel.plt
 *(.rel.plt)

.rela.plt
 *(.rela.plt)

.text           0x00000000     0x26f6
 *(.vectors)
 .vectors       0x00000000       0x54 c:/winavr-20100110/bin/../lib/gcc/avr/4.3.3/../../../../avr/lib/avr5/crtm16.o
                0x00000000                __vectors
                0x00000000                __vector_default
 *(.vectors)
 *(.progmem.gcc*)
 *(.progmem*)
                0x00000054                . = ALIGN (0x2)
                0x00000054                __trampolines_start = .
 *(.trampolines)
 .trampolines   0x00000054        0x0 linker stubs
 *(.trampolines*)
                0x00000054                __trampolines_end = .
 *(.jumptables)
 *(.jumptables*)
 *(.lowtext)
 *(.lowtext*)
                0x00000054                __ctors_start = .
 *(.ctors)
                0x00000054                __ctors_end = .
                0x00000054                __dtors_start = .
 *(.dtors)
                0x00000054                __dtors_end = .
 SORT(*)(.ctors)
 SORT(*)(.dtors)
 *(.init0)
 .init0         0x00000054        0x0 c:/winavr-20100110/bin/../lib/gcc/avr/4.3.3/../../../../avr/lib/avr5/crtm16.o
                0x00000054                __init
 *(.init0)
 *(.init1)
 *(.init1)
 *(.init2)
 .init2         0x00000054        0xc c:/winavr-20100110/bin/../lib/gcc/avr/4.3.3/../../../../avr/lib/avr5/crtm16.o
 *(.init2)
 *(.init3)
 *(.init3)
 *(.init4)
 .init4         0x00000060       0x16 c:/winavr-20100110/bin/../lib/gcc/avr/4.3.3/avr5\libgcc.a(_copy_data.o)
                0x00000060                __do_copy_data
 .init4         0x00000076       0x10 c:/winavr-20100110/bin/../lib/gcc/avr/4.3.3/avr5\libgcc.a(_clear_bss.o)
                0x00000076                __do_clear_bss
 *(.init4)
 *(.init5)
 *(.init5)
 *(.init6)
 *(.init6)
 *(.init7)
 *(.init7)
 *(.init8)
 *(.init8)
 *(.init9)
 .init9         0x00000086        0x8 c:/winavr-20100110/bin/../lib/gcc/avr/4.3.3/../../../../avr/lib/avr5/crtm16.o
 *(.init9)
 *(.text)
 .text          0x0000008e        0x4 c:/winavr-20100110/bin/../lib/gcc/avr/4.3.3/../../../../avr/lib/avr5/crtm16.o
                0x0000008e                __vector_1
                0x0000008e                __vector_12
                0x0000008e                __bad_interrupt
                0x0000008e                __vector_6
                0x0000008e                __vector_3
                0x0000008e                __vector_11
                0x0000008e                __vector_13
                0x0000008e                __vector_17
                0x0000008e                __vector_19
                0x0000008e                __vector_7
                0x0000008e                __vector_5
                0x0000008e                __vector_9
                0x0000008e                __vector_2
                0x0000008e                __vector_15
                0x0000008e                __vector_14
                0x0000008e                __vector_10
                0x0000008e                __vector_16
                0x0000008e                __vector_18
                0x0000008e                __vector_20
 .text          0x00000092      0x3b2 main.o
                0x00000128                main
                0x00000092                __vector_4
                0x00000290                __vector_8
 .text          0x00000444      0x4ba Button.o
                0x0000051a                Button_Event_1
                0x0000087c                Button_Event_5
                0x0000061e                Button_Event_2
                0x00000444                Button_Event_0
                0x000007fe                Button_Event_4
                0x000006f8                Button_Event_3
 .text          0x000008fe      0x818 init.o
                0x0000098a                start_count
                0x000008fe                print_number
                0x00000d24                print_record
                0x00000fd4                init_process
                0x00000b08                print_score
                0x0000094e                clear_up
                0x00000f20                curtain
 .text          0x00001116      0x6fe galug.o
                0x00001182                new_enemy
                0x00001116                init_enemy
                0x0000121e                Galug_game
 .text          0x00001814      0x41a dodge.o
                0x00001814                Dodge_game
 .text          0x00001c2e      0x80c Score.o
                0x00001c2e                is_record
                0x00001c82                print_rank
                0x00001f60                register_rank
 .text          0x0000243a        0x0 c:/winavr-20100110/bin/../lib/gcc/avr/4.3.3/avr5\libgcc.a(_udivmodqi4.o)
 .text          0x0000243a        0x0 c:/winavr-20100110/bin/../lib/gcc/avr/4.3.3/avr5\libgcc.a(_udivmodhi4.o)
 .text          0x0000243a        0x0 c:/winavr-20100110/bin/../lib/gcc/avr/4.3.3/avr5\libgcc.a(_divmodhi4.o)
 .text          0x0000243a        0x0 c:/winavr-20100110/bin/../lib/gcc/avr/4.3.3/avr5\libgcc.a(_exit.o)
 .text          0x0000243a        0x0 c:/winavr-20100110/bin/../lib/gcc/avr/4.3.3/avr5\libgcc.a(_copy_data.o)
 .text          0x0000243a        0x0 c:/winavr-20100110/bin/../lib/gcc/avr/4.3.3/avr5\libgcc.a(_clear_bss.o)
 .text          0x0000243a        0x0 c:/winavr-20100110/bin/../lib/gcc/avr/4.3.3/../../../../avr/lib/avr5\libc.a(rand.o)
 .text          0x0000243a        0x0 c:/winavr-20100110/bin/../lib/gcc/avr/4.3.3/../../../../avr/lib/avr5\libc.a(eerd_byte_atmega16.o)
 .text          0x0000243a        0x0 c:/winavr-20100110/bin/../lib/gcc/avr/4.3.3/../../../../avr/lib/avr5\libc.a(eerd_word_atmega16.o)
 .text          0x0000243a        0x0 c:/winavr-20100110/bin/../lib/gcc/avr/4.3.3/../../../../avr/lib/avr5\libc.a(eeupd_byte_atmega16.o)
 .text          0x0000243a        0x0 c:/winavr-20100110/bin/../lib/gcc/avr/4.3.3/../../../../avr/lib/avr5\libc.a(eeupd_word_atmega16.o)
 .text          0x0000243a        0x0 c:/winavr-20100110/bin/../lib/gcc/avr/4.3.3/../../../../avr/lib/avr5\libc.a(eerd_block_atmega16.o)
 .text          0x0000243a        0x0 c:/winavr-20100110/bin/../lib/gcc/avr/4.3.3/avr5\libgcc.a(_mulsi3.o)
 .text          0x0000243a        0x0 c:/winavr-20100110/bin/../lib/gcc/avr/4.3.3/avr5\libgcc.a(_divmodsi4.o)
 .text          0x0000243a        0x0 c:/winavr-20100110/bin/../lib/gcc/avr/4.3.3/avr5\libgcc.a(_prologue.o)
 .text          0x0000243a        0x0 c:/winavr-20100110/bin/../lib/gcc/avr/4.3.3/avr5\libgcc.a(_epilogue.o)
 .text          0x0000243a        0x0 c:/winavr-20100110/bin/../lib/gcc/avr/4.3.3/avr5\libgcc.a(_udivmodsi4.o)
                0x0000243a                . = ALIGN (0x2)
 *(.text.*)
 .text.libgcc   0x0000243a       0x18 c:/winavr-20100110/bin/../lib/gcc/avr/4.3.3/avr5\libgcc.a(_udivmodqi4.o)
                0x0000243a                __udivmodqi4
 .text.libgcc   0x00002452       0x28 c:/winavr-20100110/bin/../lib/gcc/avr/4.3.3/avr5\libgcc.a(_udivmodhi4.o)
                0x00002452                __udivmodhi4
 .text.libgcc   0x0000247a       0x26 c:/winavr-20100110/bin/../lib/gcc/avr/4.3.3/avr5\libgcc.a(_divmodhi4.o)
                0x0000247a                __divmodhi4
                0x0000247a                _div
 .text.libgcc   0x000024a0        0x0 c:/winavr-20100110/bin/../lib/gcc/avr/4.3.3/avr5\libgcc.a(_exit.o)
 .text.libgcc   0x000024a0        0x0 c:/winavr-20100110/bin/../lib/gcc/avr/4.3.3/avr5\libgcc.a(_copy_data.o)
 .text.libgcc   0x000024a0        0x0 c:/winavr-20100110/bin/../lib/gcc/avr/4.3.3/avr5\libgcc.a(_clear_bss.o)
 .text.avr-libc
                0x000024a0       0xc2 c:/winavr-20100110/bin/../lib/gcc/avr/4.3.3/../../../../avr/lib/avr5\libc.a(rand.o)
                0x0000253c                rand_r
                0x00002542                rand
                0x0000254c                srand
 .text.avr-libc
                0x00002562       0x10 c:/winavr-20100110/bin/../lib/gcc/avr/4.3.3/../../../../avr/lib/avr5\libc.a(eerd_byte_atmega16.o)
                0x00002562                __eerd_byte_m16
 .text.avr-libc
                0x00002572        0xc c:/winavr-20100110/bin/../lib/gcc/avr/4.3.3/../../../../avr/lib/avr5\libc.a(eerd_word_atmega16.o)
                0x00002572                __eerd_word_m16
 .text.avr-libc
                0x0000257e       0x22 c:/winavr-20100110/bin/../lib/gcc/avr/4.3.3/../../../../avr/lib/avr5\libc.a(eeupd_byte_atmega16.o)
                0x0000257e                __eeupd_byte_m16
                0x00002580                __eeupd_r18_m16
 .text.avr-libc
                0x000025a0        0xc c:/winavr-20100110/bin/../lib/gcc/avr/4.3.3/../../../../avr/lib/avr5\libc.a(eeupd_word_atmega16.o)
                0x000025a0                __eeupd_word_m16
 .text.avr-libc
                0x000025ac       0x20 c:/winavr-20100110/bin/../lib/gcc/avr/4.3.3/../../../../avr/lib/avr5\libc.a(eerd_block_atmega16.o)
                0x000025ac                __eerd_block_m16
                0x000025b0                __eerd_blraw_m16
 .text.libgcc   0x000025cc       0x3e c:/winavr-20100110/bin/../lib/gcc/avr/4.3.3/avr5\libgcc.a(_mulsi3.o)
                0x000025cc                __mulsi3
 .text.libgcc   0x0000260a       0x36 c:/winavr-20100110/bin/../lib/gcc/avr/4.3.3/avr5\libgcc.a(_divmodsi4.o)
                0x0000260a                __divmodsi4
 .text.libgcc   0x00002640       0x38 c:/winavr-20100110/bin/../lib/gcc/avr/4.3.3/avr5\libgcc.a(_prologue.o)
                0x00002640                __prologue_saves__
 .text.libgcc   0x00002678       0x36 c:/winavr-20100110/bin/../lib/gcc/avr/4.3.3/avr5\libgcc.a(_epilogue.o)
                0x00002678                __epilogue_restores__
 .text.libgcc   0x000026ae       0x44 c:/winavr-20100110/bin/../lib/gcc/avr/4.3.3/avr5\libgcc.a(_udivmodsi4.o)
                0x000026ae                __udivmodsi4
                0x000026f2                . = ALIGN (0x2)
 *(.fini9)
 .fini9         0x000026f2        0x0 c:/winavr-20100110/bin/../lib/gcc/avr/4.3.3/avr5\libgcc.a(_exit.o)
                0x000026f2                exit
                0x000026f2                _exit
 *(.fini9)
 *(.fini8)
 *(.fini8)
 *(.fini7)
 *(.fini7)
 *(.fini6)
 *(.fini6)
 *(.fini5)
 *(.fini5)
 *(.fini4)
 *(.fini4)
 *(.fini3)
 *(.fini3)
 *(.fini2)
 *(.fini2)
 *(.fini1)
 *(.fini1)
 *(.fini0)
 .fini0         0x000026f2        0x4 c:/winavr-20100110/bin/../lib/gcc/avr/4.3.3/avr5\libgcc.a(_exit.o)
 *(.fini0)
                0x000026f6                _etext = .

.data           0x00800060       0xc0 load address 0x000026f6
                0x00800060                PROVIDE (__data_start, .)
 *(.data)
 .data          0x00800060        0x0 c:/winavr-20100110/bin/../lib/gcc/avr/4.3.3/../../../../avr/lib/avr5/crtm16.o
 .data          0x00800060        0x1 main.o
                0x00800060                disp_y
 .data          0x00800061        0x0 Button.o
 .data          0x00800061       0x36 init.o
                0x00800089                No
                0x00800093                R
                0x00800061                numbers
 .data          0x00800097        0x2 galug.o
                0x00800097                top
 .data          0x00800099        0x0 dodge.o
 .data          0x00800099       0x82 Score.o
                0x00800099                alpha
 .data          0x0080011b        0x0 c:/winavr-20100110/bin/../lib/gcc/avr/4.3.3/avr5\libgcc.a(_udivmodqi4.o)
 .data          0x0080011b        0x0 c:/winavr-20100110/bin/../lib/gcc/avr/4.3.3/avr5\libgcc.a(_udivmodhi4.o)
 .data          0x0080011b        0x0 c:/winavr-20100110/bin/../lib/gcc/avr/4.3.3/avr5\libgcc.a(_divmodhi4.o)
 .data          0x0080011b        0x0 c:/winavr-20100110/bin/../lib/gcc/avr/4.3.3/avr5\libgcc.a(_exit.o)
 .data          0x0080011b        0x0 c:/winavr-20100110/bin/../lib/gcc/avr/4.3.3/avr5\libgcc.a(_copy_data.o)
 .data          0x0080011b        0x0 c:/winavr-20100110/bin/../lib/gcc/avr/4.3.3/avr5\libgcc.a(_clear_bss.o)
 .data          0x0080011b        0x4 c:/winavr-20100110/bin/../lib/gcc/avr/4.3.3/../../../../avr/lib/avr5\libc.a(rand.o)
 .data          0x0080011f        0x0 c:/winavr-20100110/bin/../lib/gcc/avr/4.3.3/../../../../avr/lib/avr5\libc.a(eerd_byte_atmega16.o)
 .data          0x0080011f        0x0 c:/winavr-20100110/bin/../lib/gcc/avr/4.3.3/../../../../avr/lib/avr5\libc.a(eerd_word_atmega16.o)
 .data          0x0080011f        0x0 c:/winavr-20100110/bin/../lib/gcc/avr/4.3.3/../../../../avr/lib/avr5\libc.a(eeupd_byte_atmega16.o)
 .data          0x0080011f        0x0 c:/winavr-20100110/bin/../lib/gcc/avr/4.3.3/../../../../avr/lib/avr5\libc.a(eeupd_word_atmega16.o)
 .data          0x0080011f        0x0 c:/winavr-20100110/bin/../lib/gcc/avr/4.3.3/../../../../avr/lib/avr5\libc.a(eerd_block_atmega16.o)
 .data          0x0080011f        0x0 c:/winavr-20100110/bin/../lib/gcc/avr/4.3.3/avr5\libgcc.a(_mulsi3.o)
 .data          0x0080011f        0x0 c:/winavr-20100110/bin/../lib/gcc/avr/4.3.3/avr5\libgcc.a(_divmodsi4.o)
 .data          0x0080011f        0x0 c:/winavr-20100110/bin/../lib/gcc/avr/4.3.3/avr5\libgcc.a(_prologue.o)
 .data          0x0080011f        0x0 c:/winavr-20100110/bin/../lib/gcc/avr/4.3.3/avr5\libgcc.a(_epilogue.o)
 .data          0x0080011f        0x0 c:/winavr-20100110/bin/../lib/gcc/avr/4.3.3/avr5\libgcc.a(_udivmodsi4.o)
 *(.data*)
 *(.rodata)
 *(.rodata*)
 *(.gnu.linkonce.d*)
                0x00800120                . = ALIGN (0x2)
 *fill*         0x0080011f        0x1 00
                0x00800120                _edata = .
                0x00800120                PROVIDE (__data_end, .)

.bss            0x00800120      0x1ef
                0x00800120                PROVIDE (__bss_start, .)
 *(.bss)
 .bss           0x00800120        0x0 c:/winavr-20100110/bin/../lib/gcc/avr/4.3.3/../../../../avr/lib/avr5/crtm16.o
 .bss           0x00800120       0x39 main.o
                0x00800152                mode
                0x00800153                button_del
                0x00800150                RG
                0x00800120                disp
 .bss           0x00800159        0x0 Button.o
 .bss           0x00800159        0x0 init.o
 .bss           0x00800159        0x0 galug.o
 .bss           0x00800159        0x0 dodge.o
 .bss           0x00800159        0x0 Score.o
 .bss           0x00800159        0x0 c:/winavr-20100110/bin/../lib/gcc/avr/4.3.3/avr5\libgcc.a(_udivmodqi4.o)
 .bss           0x00800159        0x0 c:/winavr-20100110/bin/../lib/gcc/avr/4.3.3/avr5\libgcc.a(_udivmodhi4.o)
 .bss           0x00800159        0x0 c:/winavr-20100110/bin/../lib/gcc/avr/4.3.3/avr5\libgcc.a(_divmodhi4.o)
 .bss           0x00800159        0x0 c:/winavr-20100110/bin/../lib/gcc/avr/4.3.3/avr5\libgcc.a(_exit.o)
 .bss           0x00800159        0x0 c:/winavr-20100110/bin/../lib/gcc/avr/4.3.3/avr5\libgcc.a(_copy_data.o)
 .bss           0x00800159        0x0 c:/winavr-20100110/bin/../lib/gcc/avr/4.3.3/avr5\libgcc.a(_clear_bss.o)
 .bss           0x00800159        0x0 c:/winavr-20100110/bin/../lib/gcc/avr/4.3.3/../../../../avr/lib/avr5\libc.a(rand.o)
 .bss           0x00800159        0x0 c:/winavr-20100110/bin/../lib/gcc/avr/4.3.3/../../../../avr/lib/avr5\libc.a(eerd_byte_atmega16.o)
 .bss           0x00800159        0x0 c:/winavr-20100110/bin/../lib/gcc/avr/4.3.3/../../../../avr/lib/avr5\libc.a(eerd_word_atmega16.o)
 .bss           0x00800159        0x0 c:/winavr-20100110/bin/../lib/gcc/avr/4.3.3/../../../../avr/lib/avr5\libc.a(eeupd_byte_atmega16.o)
 .bss           0x00800159        0x0 c:/winavr-20100110/bin/../lib/gcc/avr/4.3.3/../../../../avr/lib/avr5\libc.a(eeupd_word_atmega16.o)
 .bss           0x00800159        0x0 c:/winavr-20100110/bin/../lib/gcc/avr/4.3.3/../../../../avr/lib/avr5\libc.a(eerd_block_atmega16.o)
 .bss           0x00800159        0x0 c:/winavr-20100110/bin/../lib/gcc/avr/4.3.3/avr5\libgcc.a(_mulsi3.o)
 .bss           0x00800159        0x0 c:/winavr-20100110/bin/../lib/gcc/avr/4.3.3/avr5\libgcc.a(_divmodsi4.o)
 .bss           0x00800159        0x0 c:/winavr-20100110/bin/../lib/gcc/avr/4.3.3/avr5\libgcc.a(_prologue.o)
 .bss           0x00800159        0x0 c:/winavr-20100110/bin/../lib/gcc/avr/4.3.3/avr5\libgcc.a(_epilogue.o)
 .bss           0x00800159        0x0 c:/winavr-20100110/bin/../lib/gcc/avr/4.3.3/avr5\libgcc.a(_udivmodsi4.o)
 *(.bss*)
 *(COMMON)
 COMMON         0x00800159        0x8 main.o
                0x00800159                game_flag
                0x0080015a                player_y
                0x0080015b                Round_check
                0x0080015d                check
                0x0080015f                skill_flag
                0x00800160                player_x
 COMMON         0x00800161      0x1a7 galug.o
                0x00800161                bullet_num
                0x00800163                bullet_flag
                0x00800164                enemys
 COMMON         0x00800308        0x1 dodge.o
                0x00800308                wall
 COMMON         0x00800309        0x6 Score.o
                0x00800309                rank_flag
                0x0080030a                score_alpha
                0x0080030b                alpha_flag
                0x0080030e                change_flag
                0x0080030f                PROVIDE (__bss_end, .)
                0x000026f6                __data_load_start = LOADADDR (.data)
                0x000027b6                __data_load_end = (__data_load_start + SIZEOF (.data))

.noinit         0x0080030f        0x0
                0x0080030f                PROVIDE (__noinit_start, .)
 *(.noinit*)
                0x0080030f                PROVIDE (__noinit_end, .)
                0x0080030f                _end = .
                0x0080030f                PROVIDE (__heap_start, .)

.eeprom         0x00810000        0x0
 *(.eeprom*)
                0x00810000                __eeprom_end = .

.fuse
 *(.fuse)
 *(.lfuse)
 *(.hfuse)
 *(.efuse)

.lock
 *(.lock*)

.signature
 *(.signature*)

.stab
 *(.stab)

.stabstr
 *(.stabstr)

.stab.excl
 *(.stab.excl)

.stab.exclstr
 *(.stab.exclstr)

.stab.index
 *(.stab.index)

.stab.indexstr
 *(.stab.indexstr)

.comment
 *(.comment)

.debug
 *(.debug)

.line
 *(.line)

.debug_srcinfo
 *(.debug_srcinfo)

.debug_sfnames
 *(.debug_sfnames)

.debug_aranges  0x00000000       0xc0
 *(.debug_aranges)
 .debug_aranges
                0x00000000       0x20 main.o
 .debug_aranges
                0x00000020       0x20 Button.o
 .debug_aranges
                0x00000040       0x20 init.o
 .debug_aranges
                0x00000060       0x20 galug.o
 .debug_aranges
                0x00000080       0x20 dodge.o
 .debug_aranges
                0x000000a0       0x20 Score.o

.debug_pubnames
                0x00000000      0x2fa
 *(.debug_pubnames)
 .debug_pubnames
                0x00000000       0xbd main.o
 .debug_pubnames
                0x000000bd       0x84 Button.o
 .debug_pubnames
                0x00000141       0x97 init.o
 .debug_pubnames
                0x000001d8       0x70 galug.o
 .debug_pubnames
                0x00000248       0x2a dodge.o
 .debug_pubnames
                0x00000272       0x88 Score.o

.debug_info     0x00000000     0x15e8
 *(.debug_info)
 .debug_info    0x00000000      0x2aa main.o
 .debug_info    0x000002aa      0x1fd Button.o
 .debug_info    0x000004a7      0x967 init.o
 .debug_info    0x00000e0e      0x324 galug.o
 .debug_info    0x00001132      0x1bc dodge.o
 .debug_info    0x000012ee      0x2fa Score.o
 *(.gnu.linkonce.wi.*)

.debug_abbrev   0x00000000      0x71d
 *(.debug_abbrev)
 .debug_abbrev  0x00000000      0x150 main.o
 .debug_abbrev  0x00000150       0x7c Button.o
 .debug_abbrev  0x000001cc      0x1a4 init.o
 .debug_abbrev  0x00000370      0x133 galug.o
 .debug_abbrev  0x000004a3       0xf9 dodge.o
 .debug_abbrev  0x0000059c      0x181 Score.o

.debug_line     0x00000000     0x193b
 *(.debug_line)
 .debug_line    0x00000000      0x32b main.o
 .debug_line    0x0000032b      0x345 Button.o
 .debug_line    0x00000670      0x74e init.o
 .debug_line    0x00000dbe      0x44b galug.o
 .debug_line    0x00001209      0x2c5 dodge.o
 .debug_line    0x000014ce      0x46d Score.o

.debug_frame    0x00000000      0x1d0
 *(.debug_frame)
 .debug_frame   0x00000000       0x40 main.o
 .debug_frame   0x00000040       0x70 Button.o
 .debug_frame   0x000000b0       0x80 init.o
 .debug_frame   0x00000130       0x40 galug.o
 .debug_frame   0x00000170       0x20 dodge.o
 .debug_frame   0x00000190       0x40 Score.o

.debug_str      0x00000000      0x331
 *(.debug_str)
 .debug_str     0x00000000      0x10d main.o
                                0x152 (size before relaxing)
 .debug_str     0x0000010d       0xaf Button.o
                                0x117 (size before relaxing)
 .debug_str     0x000001bc       0x94 init.o
                                0x185 (size before relaxing)
 .debug_str     0x00000250       0x68 galug.o
                                0x158 (size before relaxing)
 .debug_str     0x000002b8       0x46 dodge.o
                                 0xe0 (size before relaxing)
 .debug_str     0x000002fe       0x33 Score.o
                                0x166 (size before relaxing)

.debug_loc      0x00000000      0xb87
 *(.debug_loc)
 .debug_loc     0x00000000       0xbf main.o
 .debug_loc     0x000000bf      0x1c0 Button.o
 .debug_loc     0x0000027f      0x616 init.o
 .debug_loc     0x00000895      0x144 dodge.o
 .debug_loc     0x000009d9      0x1ae Score.o

.debug_macinfo
 *(.debug_macinfo)
OUTPUT(playstation.elf elf32-avr)
LOAD linker stubs

.debug_ranges   0x00000000      0x150
 .debug_ranges  0x00000000       0x48 main.o
 .debug_ranges  0x00000048       0xd8 init.o
 .debug_ranges  0x00000120       0x30 Score.o
